#
# There is insufficient memory for the Java Runtime Environment to continue.
# Native memory allocation (malloc) failed to allocate 1048576 bytes. Error detail: AllocateHeap
# Possible reasons:
#   The system is out of physical RAM or swap space
#   This process is running with CompressedOops enabled, and the Java Heap may be blocking the growth of the native heap
# Possible solutions:
#   Reduce memory load on the system
#   Increase physical memory or swap space
#   Check if swap backing store is full
#   Decrease Java heap size (-Xmx/-Xms)
#   Decrease number of Java threads
#   Decrease Java thread stack sizes (-Xss)
#   Set larger code cache with -XX:ReservedCodeCacheSize=
#   JVM is running with Unscaled Compressed Oops mode in which the Java heap is
#     placed in the first 4GB address space. The Java Heap base address is the
#     maximum limit for the native heap growth. Please use -XX:HeapBaseMinAddress
#     to set the Java Heap base and to place the Java Heap above 4GB virtual address.
# This output file may be truncated or incomplete.
#
#  Out of Memory Error (allocation.cpp:44), pid=32340, tid=32924
#
# JRE version: OpenJDK Runtime Environment Temurin-21.0.10+7 (21.0.10+7) (build 21.0.10+7-LTS)
# Java VM: OpenJDK 64-Bit Server VM Temurin-21.0.10+7 (21.0.10+7-LTS, mixed mode, sharing, tiered, compressed oops, compressed class ptrs, parallel gc, windows-amd64)
# No core dump will be written. Minidumps are not enabled by default on client versions of Windows
#

---------------  S U M M A R Y ------------

Command Line: --add-modules=ALL-SYSTEM --add-opens=java.base/java.util=ALL-UNNAMED --add-opens=java.base/java.lang=ALL-UNNAMED --add-opens=java.base/sun.nio.fs=ALL-UNNAMED -Declipse.application=org.eclipse.jdt.ls.core.id1 -Dosgi.bundles.defaultStartLevel=4 -Declipse.product=org.eclipse.jdt.ls.core.product -Djava.import.generatesMetadataFilesAtProjectRoot=false -DDetectVMInstallationsJob.disabled=true -Dfile.encoding=utf8 -XX:+UseParallelGC -XX:GCTimeRatio=4 -XX:AdaptiveSizePolicyWeight=90 -Dsun.zip.disableMemoryMapping=true -Xmx2G -Xms100m -Xlog:disable -javaagent:c:\Users\17428\.trae\extensions\redhat.java-1.53.0-win32-x64\lombok\lombok-1.18.39-4050.jar -XX:+HeapDumpOnOutOfMemoryError -XX:HeapDumpPath=c:\Users\17428\AppData\Roaming\Trae\User\workspaceStorage\e174de6fea19613e25b1fce20a3b9c82\redhat.java -Daether.dependencyCollector.impl=bf c:\Users\17428\.trae\extensions\redhat.java-1.53.0-win32-x64\server\plugins\org.eclipse.equinox.launcher_1.7.100.v20251111-0406.jar -configuration c:\Users\17428\AppData\Roaming\Trae\User\globalStorage\redhat.java\1.53.0\config_win -data c:\Users\17428\AppData\Roaming\Trae\User\workspaceStorage\e174de6fea19613e25b1fce20a3b9c82\redhat.java\jdt_ws --pipe=\\.\pipe\lsp-ad56266e506bab8e32169c48c6148108-sock

Host: Intel(R) Core(TM) i5-14500, 20 cores, 15G,  Windows 11 , 64 bit Build 26100 (10.0.26100.7920)
Time: Fri Apr 10 08:49:22 2026 elapsed time: 61784.356545 seconds (0d 17h 9m 44s)

---------------  T H R E A D  ---------------

Current thread (0x0000022fff2112a0):  JavaThread "Attach Listener" daemon [_thread_in_vm, id=32924, stack(0x000000d607e00000,0x000000d607f00000) (1024K)]

Stack: [0x000000d607e00000,0x000000d607f00000]
Native frames: (J=compiled Java code, j=interpreted, Vv=VM code, C=native code)
V  [jvm.dll+0x6d7a39]
V  [jvm.dll+0x8b4b26]
V  [jvm.dll+0x8b70de]
V  [jvm.dll+0x8b77c3]
V  [jvm.dll+0x284346]
V  [jvm.dll+0xc1277]
V  [jvm.dll+0x6d82e9]
V  [jvm.dll+0x1334a6]
V  [jvm.dll+0x3f857e]
V  [jvm.dll+0x85f59d]
V  [jvm.dll+0x6d626d]
C  [ucrtbase.dll+0x37b0]
C  [KERNEL32.DLL+0x2e8d7]
C  [ntdll.dll+0x8c48c]


---------------  P R O C E S S  ---------------

Threads class SMR info:
_java_thread_list=0x0000022fd95e5710, length=53, elements={
0x0000022ffa15e330, 0x0000022ffdc0d970, 0x0000022ffdc0e5d0, 0x0000022fff20e1d0,
0x0000022fff2112a0, 0x0000022fff216160, 0x0000022fff219720, 0x0000022fff21f0f0,
0x0000022fff2283f0, 0x0000022fff4b7190, 0x0000022fd90827e0, 0x0000022fd96db330,
0x0000022fd9a5c700, 0x0000022fd9a53b00, 0x0000022fd970b120, 0x0000022fd9ccaee0,
0x0000022fda081b20, 0x0000022fda392480, 0x0000022fda247f80, 0x0000022fdae11eb0,
0x0000022fdae12bd0, 0x0000022fdae13f80, 0x0000022fdae166e0, 0x0000022fdae159c0,
0x0000022fdae16050, 0x0000022fdae13260, 0x0000022fdae194d0, 0x0000022fdae187b0,
0x0000022fdae16d70, 0x0000022fdae17400, 0x0000022fdae18e40, 0x0000022fdae17a90,
0x0000022fdae18120, 0x0000022fde5b3410, 0x0000022fde5b4e50, 0x0000022fde5b4130,
0x0000022fde5b54e0, 0x0000022fde5b26f0, 0x0000022fde5b3aa0, 0x0000022fde5b47c0,
0x0000022fde5b2060, 0x0000022fde5b2d80, 0x0000022fde5b5b70, 0x0000022fde5b82d0,
0x0000022fdd58e260, 0x0000022ff37c2fd0, 0x0000022ff37c1590, 0x0000022ff37c01e0,
0x0000022ff37c3cf0, 0x0000022ff37c0870, 0x0000022ff37c50a0, 0x0000022fd9845f60,
0x0000022fd98465f0
}

Java Threads: ( => current thread )
  0x0000022ffa15e330 JavaThread "main"                              [_thread_blocked, id=33008, stack(0x000000d607700000,0x000000d607800000) (1024K)]
  0x0000022ffdc0d970 JavaThread "Reference Handler"          daemon [_thread_blocked, id=33048, stack(0x000000d607b00000,0x000000d607c00000) (1024K)]
  0x0000022ffdc0e5d0 JavaThread "Finalizer"                  daemon [_thread_blocked, id=19952, stack(0x000000d607c00000,0x000000d607d00000) (1024K)]
  0x0000022fff20e1d0 JavaThread "Signal Dispatcher"          daemon [_thread_blocked, id=33356, stack(0x000000d607d00000,0x000000d607e00000) (1024K)]
=>0x0000022fff2112a0 JavaThread "Attach Listener"            daemon [_thread_in_vm, id=32924, stack(0x000000d607e00000,0x000000d607f00000) (1024K)]
  0x0000022fff216160 JavaThread "Service Thread"             daemon [_thread_blocked, id=33708, stack(0x000000d607f00000,0x000000d608000000) (1024K)]
  0x0000022fff219720 JavaThread "Monitor Deflation Thread"   daemon [_thread_blocked, id=20680, stack(0x000000d608000000,0x000000d608100000) (1024K)]
  0x0000022fff21f0f0 JavaThread "C2 CompilerThread0"         daemon [_thread_blocked, id=33120, stack(0x000000d608100000,0x000000d608200000) (1024K)]
  0x0000022fff2283f0 JavaThread "C1 CompilerThread0"         daemon [_thread_blocked, id=33600, stack(0x000000d608200000,0x000000d608300000) (1024K)]
  0x0000022fff4b7190 JavaThread "Common-Cleaner"             daemon [_thread_blocked, id=26772, stack(0x000000d608500000,0x000000d608600000) (1024K)]
  0x0000022fd90827e0 JavaThread "Notification Thread"        daemon [_thread_blocked, id=33440, stack(0x000000d608800000,0x000000d608900000) (1024K)]
  0x0000022fd96db330 JavaThread "Active Thread: Equinox Container: fbac48d7-2e0f-4b62-8472-9d9cece3c535"        [_thread_blocked, id=33312, stack(0x000000d609200000,0x000000d609300000) (1024K)]
  0x0000022fd9a5c700 JavaThread "Refresh Thread: Equinox Container: fbac48d7-2e0f-4b62-8472-9d9cece3c535" daemon [_thread_blocked, id=30364, stack(0x000000d609400000,0x000000d609500000) (1024K)]
  0x0000022fd9a53b00 JavaThread "Framework Event Dispatcher: Equinox Container: fbac48d7-2e0f-4b62-8472-9d9cece3c535" daemon [_thread_blocked, id=33716, stack(0x000000d609500000,0x000000d609600000) (1024K)]
  0x0000022fd970b120 JavaThread "Start Level: Equinox Container: fbac48d7-2e0f-4b62-8472-9d9cece3c535" daemon [_thread_blocked, id=29492, stack(0x000000d609100000,0x000000d609200000) (1024K)]
  0x0000022fd9ccaee0 JavaThread "Bundle File Closer"         daemon [_thread_blocked, id=32992, stack(0x000000d609800000,0x000000d609900000) (1024K)]
  0x0000022fda081b20 JavaThread "SCR Component Actor"        daemon [_thread_blocked, id=33340, stack(0x000000d609a00000,0x000000d609b00000) (1024K)]
  0x0000022fda392480 JavaThread "Worker-JM"                         [_thread_blocked, id=28860, stack(0x000000d609c00000,0x000000d609d00000) (1024K)]
  0x0000022fda247f80 JavaThread "JNA Cleaner"                daemon [_thread_blocked, id=33208, stack(0x000000d609f00000,0x000000d60a000000) (1024K)]
  0x0000022fdae11eb0 JavaThread "Java indexing"              daemon [_thread_blocked, id=33536, stack(0x000000d60a600000,0x000000d60a700000) (1024K)]
  0x0000022fdae12bd0 JavaThread "Thread-1"                   daemon [_thread_in_native, id=32540, stack(0x000000d60ab00000,0x000000d60ac00000) (1024K)]
  0x0000022fdae13f80 JavaThread "Thread-2"                   daemon [_thread_in_native, id=32112, stack(0x000000d60ac00000,0x000000d60ad00000) (1024K)]
  0x0000022fdae166e0 JavaThread "Thread-3"                   daemon [_thread_in_native, id=7776, stack(0x000000d60ad00000,0x000000d60ae00000) (1024K)]
  0x0000022fdae159c0 JavaThread "Thread-4"                   daemon [_thread_in_native, id=32984, stack(0x000000d60ae00000,0x000000d60af00000) (1024K)]
  0x0000022fdae16050 JavaThread "Thread-5"                   daemon [_thread_in_native, id=33232, stack(0x000000d60af00000,0x000000d60b000000) (1024K)]
  0x0000022fdae13260 JavaThread "Thread-6"                   daemon [_thread_in_native, id=33492, stack(0x000000d60b000000,0x000000d60b100000) (1024K)]
  0x0000022fdae194d0 JavaThread "Thread-7"                   daemon [_thread_in_native, id=33052, stack(0x000000d60b100000,0x000000d60b200000) (1024K)]
  0x0000022fdae187b0 JavaThread "Thread-8"                   daemon [_thread_in_native, id=33352, stack(0x000000d60b200000,0x000000d60b300000) (1024K)]
  0x0000022fdae16d70 JavaThread "Thread-9"                   daemon [_thread_in_native, id=29828, stack(0x000000d60b300000,0x000000d60b400000) (1024K)]
  0x0000022fdae17400 JavaThread "Thread-10"                  daemon [_thread_in_native, id=32860, stack(0x000000d60b400000,0x000000d60b500000) (1024K)]
  0x0000022fdae18e40 JavaThread "Thread-11"                  daemon [_thread_in_native, id=31844, stack(0x000000d60b500000,0x000000d60b600000) (1024K)]
  0x0000022fdae17a90 JavaThread "Thread-12"                  daemon [_thread_in_native, id=33288, stack(0x000000d60b600000,0x000000d60b700000) (1024K)]
  0x0000022fdae18120 JavaThread "Thread-13"                  daemon [_thread_in_native, id=11532, stack(0x000000d60b700000,0x000000d60b800000) (1024K)]
  0x0000022fde5b3410 JavaThread "Thread-14"                  daemon [_thread_in_native, id=33460, stack(0x000000d60b800000,0x000000d60b900000) (1024K)]
  0x0000022fde5b4e50 JavaThread "Thread-15"                  daemon [_thread_in_native, id=33280, stack(0x000000d60b900000,0x000000d60ba00000) (1024K)]
  0x0000022fde5b4130 JavaThread "Thread-16"                  daemon [_thread_in_native, id=33380, stack(0x000000d60ba00000,0x000000d60bb00000) (1024K)]
  0x0000022fde5b54e0 JavaThread "Thread-17"                  daemon [_thread_in_native, id=6952, stack(0x000000d60bb00000,0x000000d60bc00000) (1024K)]
  0x0000022fde5b26f0 JavaThread "Thread-18"                  daemon [_thread_in_native, id=14092, stack(0x000000d60bc00000,0x000000d60bd00000) (1024K)]
  0x0000022fde5b3aa0 JavaThread "Thread-19"                  daemon [_thread_in_native, id=16936, stack(0x000000d60bd00000,0x000000d60be00000) (1024K)]
  0x0000022fde5b47c0 JavaThread "Thread-20"                  daemon [_thread_in_native, id=33768, stack(0x000000d60be00000,0x000000d60bf00000) (1024K)]
  0x0000022fde5b2060 JavaThread "Thread-21"                  daemon [_thread_in_native, id=2604, stack(0x000000d60bf00000,0x000000d60c000000) (1024K)]
  0x0000022fde5b2d80 JavaThread "pool-2-thread-1"                   [_thread_blocked, id=31832, stack(0x000000d60c000000,0x000000d60c100000) (1024K)]
  0x0000022fde5b5b70 JavaThread "WorkspaceEventsHandler"            [_thread_blocked, id=33632, stack(0x000000d60c200000,0x000000d60c300000) (1024K)]
  0x0000022fde5b82d0 JavaThread "pool-1-thread-1"                   [_thread_blocked, id=32368, stack(0x000000d60c300000,0x000000d60c400000) (1024K)]
  0x0000022fdd58e260 JavaThread "Timer-0"                           [_thread_blocked, id=28004, stack(0x000000d607500000,0x000000d607600000) (1024K)]
  0x0000022ff37c2fd0 JavaThread "Timer-1"                           [_thread_blocked, id=30576, stack(0x000000d607600000,0x000000d607700000) (1024K)]
  0x0000022ff37c1590 JavaThread "Timer-2"                           [_thread_blocked, id=34852, stack(0x000000d608300000,0x000000d608400000) (1024K)]
  0x0000022ff37c01e0 JavaThread "Timer-3"                           [_thread_blocked, id=31720, stack(0x000000d60c400000,0x000000d60c500000) (1024K)]
  0x0000022ff37c3cf0 JavaThread "Timer-4"                           [_thread_blocked, id=6416, stack(0x000000d60c500000,0x000000d60c600000) (1024K)]
  0x0000022ff37c0870 JavaThread "Timer-5"                           [_thread_blocked, id=29236, stack(0x000000d60a700000,0x000000d60a800000) (1024K)]
  0x0000022ff37c50a0 JavaThread "Timer-6"                           [_thread_blocked, id=34284, stack(0x000000d60c800000,0x000000d60c900000) (1024K)]
  0x0000022fd9845f60 JavaThread "Worker-14"                         [_thread_blocked, id=32072, stack(0x000000d60d000000,0x000000d60d100000) (1024K)]
  0x0000022fd98465f0 JavaThread "Worker-15"                         [_thread_blocked, id=23956, stack(0x000000d607400000,0x000000d607500000) (1024K)]
Total: 53

Other Threads:
  0x0000022ffa21eb70 VMThread "VM Thread"                           [id=2332, stack(0x000000d607a00000,0x000000d607b00000) (1024K)]
  0x0000022ffdaeca10 WatcherThread "VM Periodic Task Thread"        [id=32872, stack(0x000000d607900000,0x000000d607a00000) (1024K)]
  0x0000022ffa17d410 WorkerThread "GC Thread#0"                     [id=10468, stack(0x000000d607800000,0x000000d607900000) (1024K)]
  0x0000022fd94c0050 WorkerThread "GC Thread#1"                     [id=33088, stack(0x000000d608a00000,0x000000d608b00000) (1024K)]
  0x0000022fd94c0400 WorkerThread "GC Thread#2"                     [id=33260, stack(0x000000d608b00000,0x000000d608c00000) (1024K)]
  0x0000022fd94c07b0 WorkerThread "GC Thread#3"                     [id=23500, stack(0x000000d608c00000,0x000000d608d00000) (1024K)]
  0x0000022fd94c0b60 WorkerThread "GC Thread#4"                     [id=33476, stack(0x000000d608d00000,0x000000d608e00000) (1024K)]
  0x0000022fd94c0f10 WorkerThread "GC Thread#5"                     [id=33348, stack(0x000000d608e00000,0x000000d608f00000) (1024K)]
  0x0000022fd97f3f20 WorkerThread "GC Thread#6"                     [id=33612, stack(0x000000d608f00000,0x000000d609000000) (1024K)]
  0x0000022fff4f38b0 WorkerThread "GC Thread#7"                     [id=33300, stack(0x000000d609300000,0x000000d609400000) (1024K)]
  0x0000022fd9f4ec60 WorkerThread "GC Thread#8"                     [id=32972, stack(0x000000d609000000,0x000000d609100000) (1024K)]
  0x0000022fd9f4f010 WorkerThread "GC Thread#9"                     [id=32276, stack(0x000000d609600000,0x000000d609700000) (1024K)]
  0x0000022fd9cbda50 WorkerThread "GC Thread#10"                    [id=10380, stack(0x000000d609700000,0x000000d609800000) (1024K)]
  0x0000022fd9e9bc50 WorkerThread "GC Thread#11"                    [id=33364, stack(0x000000d609900000,0x000000d609a00000) (1024K)]
  0x0000022fda392af0 WorkerThread "GC Thread#12"                    [id=3884, stack(0x000000d609d00000,0x000000d609e00000) (1024K)]
  0x0000022fda007850 WorkerThread "GC Thread#13"                    [id=32772, stack(0x000000d609e00000,0x000000d609f00000) (1024K)]
  0x0000022fda7cd760 WorkerThread "GC Thread#14"                    [id=7780, stack(0x000000d60a200000,0x000000d60a300000) (1024K)]
Total: 17

Threads with active compile tasks:
Total: 0

VM state: not at safepoint (normal execution)

VM Mutex/Monitor currently owned by a thread: None

Heap address: 0x0000000080000000, size: 2048 MB, Compressed Oops mode: 32-bit

CDS archive(s) mapped at: [0x0000022f93000000-0x0000022f93ba0000-0x0000022f93ba0000), size 12189696, SharedBaseAddress: 0x0000022f93000000, ArchiveRelocationMode: 1.
Compressed class space mapped at: 0x0000022f94000000-0x0000022fd4000000, reserved size: 1073741824
Narrow klass base: 0x0000022f93000000, Narrow klass shift: 0, Narrow klass range: 0x100000000

GC Precious Log:
 CardTable entry size: 512
 CPUs: 20 total, 20 available
 Memory: 16070M
 Large Page Support: Disabled
 NUMA Support: Disabled
 Compressed Oops: Enabled (32-bit)
 Alignments: Space 512K, Generation 512K, Heap 2M
 Heap Min Capacity: 100M
 Heap Initial Capacity: 100M
 Heap Max Capacity: 2G
 Pre-touch: Disabled
 Parallel Workers: 15

Heap:
 PSYoungGen      total 16384K, used 2030K [0x00000000d5580000, 0x00000000d6700000, 0x0000000100000000)
  eden space 15360K, 9% used [0x00000000d5580000,0x00000000d56fbb50,0x00000000d6480000)
  from space 1024K, 50% used [0x00000000d6500000,0x00000000d6580000,0x00000000d6600000)
  to   space 1024K, 0% used [0x00000000d6600000,0x00000000d6600000,0x00000000d6700000)
 ParOldGen       total 957952K, used 605655K [0x0000000080000000, 0x00000000ba780000, 0x00000000d5580000)
  object space 957952K, 63% used [0x0000000080000000,0x00000000a4f75cd0,0x00000000ba780000)
 Metaspace       used 105287K, committed 107392K, reserved 1179648K
  class space    used 11848K, committed 12864K, reserved 1048576K

Card table byte_map: [0x0000022ff9b00000,0x0000022ff9f10000] _byte_map_base: 0x0000022ff9700000

Marking Bits: (ParMarkBitMap*) 0x00007ffd1c083450
 Begin Bits: [0x0000022f8f000000, 0x0000022f91000000)
 End Bits:   [0x0000022f91000000, 0x0000022f93000000)

Polling page: 0x0000022ff7e00000

Metaspace:

Usage:
  Non-class:     91.25 MB used.
      Class:     11.57 MB used.
       Both:    102.82 MB used.

Virtual space:
  Non-class space:      128.00 MB reserved,      92.31 MB ( 72%) committed,  2 nodes.
      Class space:        1.00 GB reserved,      12.56 MB (  1%) committed,  1 nodes.
             Both:        1.12 GB reserved,     104.88 MB (  9%) committed. 

Chunk freelists:
   Non-Class:  2.97 MB
       Class:  3.26 MB
        Both:  6.23 MB

MaxMetaspaceSize: unlimited
CompressedClassSpaceSize: 1.00 GB
Initial GC threshold: 21.00 MB
Current GC threshold: 140.62 MB
CDS: on
 - commit_granule_bytes: 65536.
 - commit_granule_words: 8192.
 - virtual_space_node_default_size: 8388608.
 - enlarge_chunks_in_place: 1.
 - use_allocation_guard: 0.


Internal statistics:

num_allocs_failed_limit: 11.
num_arena_births: 2074.
num_arena_deaths: 34.
num_vsnodes_births: 3.
num_vsnodes_deaths: 0.
num_space_committed: 1717.
num_space_uncommitted: 20.
num_chunks_returned_to_freelist: 216.
num_chunks_taken_from_freelist: 7420.
num_chunk_merges: 59.
num_chunk_splits: 4481.
num_chunks_enlarged: 2477.
num_inconsistent_stats: 0.

CodeHeap 'non-profiled nmethods': size=119168Kb used=36780Kb max_used=36780Kb free=82387Kb
 bounds [0x0000022f87ba0000, 0x0000022f89f90000, 0x0000022f8f000000]
CodeHeap 'profiled nmethods': size=119104Kb used=52264Kb max_used=55033Kb free=66839Kb
 bounds [0x0000022f80000000, 0x0000022f83610000, 0x0000022f87450000]
CodeHeap 'non-nmethods': size=7488Kb used=1517Kb max_used=3286Kb free=5970Kb
 bounds [0x0000022f87450000, 0x0000022f877a0000, 0x0000022f87ba0000]
CodeCache: size=245760Kb, used=90561Kb, max_used=95099Kb, free=155196Kb
 total_blobs=23171, nmethods=22333, adapters=739, full_count=0
Compilation: enabled, stopped_count=0, restarted_count=0

Compilation events (20 events):
Event: 50703.594 Thread 0x0000022fff2283f0 29458       3       org.eclipse.core.internal.jobs.JobListeners::queueAboutToRun (17 bytes)
Event: 50703.596 Thread 0x0000022fff2283f0 nmethod 29458 0x0000022f81745e10 code [0x0000022f81745fe0, 0x0000022f817462d8]
Event: 50976.986 Thread 0x0000022fff2283f0 29459       3       org.eclipse.lsp4j.jsonrpc.services.GenericEndpoint$$Lambda/0x0000022f94489010::apply (17 bytes)
Event: 50976.999 Thread 0x0000022fff2283f0 nmethod 29459 0x0000022f822b8690 code [0x0000022f822b8840, 0x0000022f822b8998]
Event: 50976.999 Thread 0x0000022fff2283f0 29460   !   3       org.eclipse.lsp4j.jsonrpc.services.GenericEndpoint::lambda$recursiveFindRpcMethods$0 (100 bytes)
Event: 50977.043 Thread 0x0000022fff2283f0 nmethod 29460 0x0000022f81744390 code [0x0000022f81744660, 0x0000022f81745600]
Event: 53676.988 Thread 0x0000022fff2283f0 29462       3       com.google.gson.stream.JsonReader::push (133 bytes)
Event: 53677.010 Thread 0x0000022fff2283f0 nmethod 29462 0x0000022f80e83290 code [0x0000022f80e83540, 0x0000022f80e84090]
Event: 53806.265 Thread 0x0000022fff21f0f0 29463       4       org.eclipse.jdt.ls.core.internal.ParentProcessWatcher::run (83 bytes)
Event: 53806.325 Thread 0x0000022fff21f0f0 nmethod 29463 0x0000022f89f8ab10 code [0x0000022f89f8acc0, 0x0000022f89f8ae98]
Event: 60636.968 Thread 0x0000022fff2283f0 29464       3       org.eclipse.core.internal.resources.Resource::isHidden (51 bytes)
Event: 60637.059 Thread 0x0000022fff2283f0 nmethod 29464 0x0000022f80e82690 code [0x0000022f80e828a0, 0x0000022f80e83068]
Event: 60637.128 Thread 0x0000022fff2283f0 29465       3       java.util.concurrent.CompletableFuture::complete (12 bytes)
Event: 60637.135 Thread 0x0000022fff2283f0 nmethod 29465 0x0000022f80e81610 code [0x0000022f80e81880, 0x0000022f80e82290]
Event: 60637.182 Thread 0x0000022fff2283f0 29466       3       org.eclipse.lsp4j.jsonrpc.messages.ResponseMessage::<init> (5 bytes)
Event: 60637.182 Thread 0x0000022fff2283f0 nmethod 29466 0x0000022f812c9c10 code [0x0000022f812c9dc0, 0x0000022f812ca008]
Event: 60637.191 Thread 0x0000022fff2283f0 29467       3       org.eclipse.lsp4j.jsonrpc.messages.RequestMessage::<init> (5 bytes)
Event: 60637.192 Thread 0x0000022fff2283f0 nmethod 29467 0x0000022f80e81110 code [0x0000022f80e812c0, 0x0000022f80e81508]
Event: 60637.193 Thread 0x0000022fff2283f0 29468       3       java.util.Formatter$Flags::parse (63 bytes)
Event: 60637.194 Thread 0x0000022fff2283f0 nmethod 29468 0x0000022f80e80190 code [0x0000022f80e803e0, 0x0000022f80e80c78]

GC Heap History (20 events):
Event: 3346.607 GC heap before
{Heap before GC invocations=2752 (full 6):
 PSYoungGen      total 16896K, used 15637K [0x00000000d5580000, 0x00000000d6800000, 0x0000000100000000)
  eden space 15360K, 100% used [0x00000000d5580000,0x00000000d6480000,0x00000000d6480000)
  from space 1536K, 18% used [0x00000000d6580000,0x00000000d65c54b8,0x00000000d6700000)
  to   space 1024K, 0% used [0x00000000d6700000,0x00000000d6700000,0x00000000d6800000)
 ParOldGen       total 957952K, used 601301K [0x0000000080000000, 0x00000000ba780000, 0x00000000d5580000)
  object space 957952K, 62% used [0x0000000080000000,0x00000000a4b35610,0x00000000ba780000)
 Metaspace       used 102232K, committed 104256K, reserved 1179648K
  class space    used 11494K, committed 12480K, reserved 1048576K
}
Event: 3346.609 GC heap after
{Heap after GC invocations=2752 (full 6):
 PSYoungGen      total 16384K, used 1020K [0x00000000d5580000, 0x00000000d6880000, 0x0000000100000000)
  eden space 15360K, 0% used [0x00000000d5580000,0x00000000d5580000,0x00000000d6480000)
  from space 1024K, 99% used [0x00000000d6700000,0x00000000d67ff2e0,0x00000000d6800000)
  to   space 2048K, 0% used [0x00000000d6480000,0x00000000d6480000,0x00000000d6680000)
 ParOldGen       total 957952K, used 601636K [0x0000000080000000, 0x00000000ba780000, 0x00000000d5580000)
  object space 957952K, 62% used [0x0000000080000000,0x00000000a4b892c8,0x00000000ba780000)
 Metaspace       used 102232K, committed 104256K, reserved 1179648K
  class space    used 11494K, committed 12480K, reserved 1048576K
}
Event: 3346.636 GC heap before
{Heap before GC invocations=2753 (full 6):
 PSYoungGen      total 16384K, used 16380K [0x00000000d5580000, 0x00000000d6880000, 0x0000000100000000)
  eden space 15360K, 100% used [0x00000000d5580000,0x00000000d6480000,0x00000000d6480000)
  from space 1024K, 99% used [0x00000000d6700000,0x00000000d67ff2e0,0x00000000d6800000)
  to   space 2048K, 0% used [0x00000000d6480000,0x00000000d6480000,0x00000000d6680000)
 ParOldGen       total 957952K, used 601636K [0x0000000080000000, 0x00000000ba780000, 0x00000000d5580000)
  object space 957952K, 62% used [0x0000000080000000,0x00000000a4b892c8,0x00000000ba780000)
 Metaspace       used 102232K, committed 104256K, reserved 1179648K
  class space    used 11494K, committed 12480K, reserved 1048576K
}
Event: 3346.641 GC heap after
{Heap after GC invocations=2753 (full 6):
 PSYoungGen      total 17408K, used 469K [0x00000000d5580000, 0x00000000d6780000, 0x0000000100000000)
  eden space 15360K, 0% used [0x00000000d5580000,0x00000000d5580000,0x00000000d6480000)
  from space 2048K, 22% used [0x00000000d6480000,0x00000000d64f56b8,0x00000000d6680000)
  to   space 1024K, 0% used [0x00000000d6680000,0x00000000d6680000,0x00000000d6780000)
 ParOldGen       total 957952K, used 601756K [0x0000000080000000, 0x00000000ba780000, 0x00000000d5580000)
  object space 957952K, 62% used [0x0000000080000000,0x00000000a4ba72c8,0x00000000ba780000)
 Metaspace       used 102232K, committed 104256K, reserved 1179648K
  class space    used 11494K, committed 12480K, reserved 1048576K
}
Event: 3346.666 GC heap before
{Heap before GC invocations=2754 (full 6):
 PSYoungGen      total 17408K, used 15829K [0x00000000d5580000, 0x00000000d6780000, 0x0000000100000000)
  eden space 15360K, 100% used [0x00000000d5580000,0x00000000d6480000,0x00000000d6480000)
  from space 2048K, 22% used [0x00000000d6480000,0x00000000d64f56b8,0x00000000d6680000)
  to   space 1024K, 0% used [0x00000000d6680000,0x00000000d6680000,0x00000000d6780000)
 ParOldGen       total 957952K, used 601756K [0x0000000080000000, 0x00000000ba780000, 0x00000000d5580000)
  object space 957952K, 62% used [0x0000000080000000,0x00000000a4ba72c8,0x00000000ba780000)
 Metaspace       used 102232K, committed 104256K, reserved 1179648K
  class space    used 11494K, committed 12480K, reserved 1048576K
}
Event: 3346.668 GC heap after
{Heap after GC invocations=2754 (full 6):
 PSYoungGen      total 16384K, used 1008K [0x00000000d5580000, 0x00000000d6780000, 0x0000000100000000)
  eden space 15360K, 0% used [0x00000000d5580000,0x00000000d5580000,0x00000000d6480000)
  from space 1024K, 98% used [0x00000000d6680000,0x00000000d677c190,0x00000000d6780000)
  to   space 1536K, 0% used [0x00000000d6480000,0x00000000d6480000,0x00000000d6600000)
 ParOldGen       total 957952K, used 602092K [0x0000000080000000, 0x00000000ba780000, 0x00000000d5580000)
  object space 957952K, 62% used [0x0000000080000000,0x00000000a4bfb360,0x00000000ba780000)
 Metaspace       used 102232K, committed 104256K, reserved 1179648K
  class space    used 11494K, committed 12480K, reserved 1048576K
}
Event: 3346.695 GC heap before
{Heap before GC invocations=2755 (full 6):
 PSYoungGen      total 16384K, used 16368K [0x00000000d5580000, 0x00000000d6780000, 0x0000000100000000)
  eden space 15360K, 100% used [0x00000000d5580000,0x00000000d6480000,0x00000000d6480000)
  from space 1024K, 98% used [0x00000000d6680000,0x00000000d677c190,0x00000000d6780000)
  to   space 1536K, 0% used [0x00000000d6480000,0x00000000d6480000,0x00000000d6600000)
 ParOldGen       total 957952K, used 602092K [0x0000000080000000, 0x00000000ba780000, 0x00000000d5580000)
  object space 957952K, 62% used [0x0000000080000000,0x00000000a4bfb360,0x00000000ba780000)
 Metaspace       used 102232K, committed 104256K, reserved 1179648K
  class space    used 11494K, committed 12480K, reserved 1048576K
}
Event: 3346.697 GC heap after
{Heap after GC invocations=2755 (full 6):
 PSYoungGen      total 16896K, used 1010K [0x00000000d5580000, 0x00000000d6780000, 0x0000000100000000)
  eden space 15360K, 0% used [0x00000000d5580000,0x00000000d5580000,0x00000000d6480000)
  from space 1536K, 65% used [0x00000000d6480000,0x00000000d657cb70,0x00000000d6600000)
  to   space 1536K, 0% used [0x00000000d6600000,0x00000000d6600000,0x00000000d6780000)
 ParOldGen       total 957952K, used 602220K [0x0000000080000000, 0x00000000ba780000, 0x00000000d5580000)
  object space 957952K, 62% used [0x0000000080000000,0x00000000a4c1b370,0x00000000ba780000)
 Metaspace       used 102232K, committed 104256K, reserved 1179648K
  class space    used 11494K, committed 12480K, reserved 1048576K
}
Event: 3346.723 GC heap before
{Heap before GC invocations=2756 (full 6):
 PSYoungGen      total 16896K, used 16370K [0x00000000d5580000, 0x00000000d6780000, 0x0000000100000000)
  eden space 15360K, 100% used [0x00000000d5580000,0x00000000d6480000,0x00000000d6480000)
  from space 1536K, 65% used [0x00000000d6480000,0x00000000d657cb70,0x00000000d6600000)
  to   space 1536K, 0% used [0x00000000d6600000,0x00000000d6600000,0x00000000d6780000)
 ParOldGen       total 957952K, used 602220K [0x0000000080000000, 0x00000000ba780000, 0x00000000d5580000)
  object space 957952K, 62% used [0x0000000080000000,0x00000000a4c1b370,0x00000000ba780000)
 Metaspace       used 102232K, committed 104256K, reserved 1179648K
  class space    used 11494K, committed 12480K, reserved 1048576K
}
Event: 3346.724 GC heap after
{Heap after GC invocations=2756 (full 6):
 PSYoungGen      total 15872K, used 241K [0x00000000d5580000, 0x00000000d6680000, 0x0000000100000000)
  eden space 15360K, 0% used [0x00000000d5580000,0x00000000d5580000,0x00000000d6480000)
  from space 512K, 47% used [0x00000000d6600000,0x00000000d663c640,0x00000000d6680000)
  to   space 1024K, 0% used [0x00000000d6480000,0x00000000d6480000,0x00000000d6580000)
 ParOldGen       total 957952K, used 602438K [0x0000000080000000, 0x00000000ba780000, 0x00000000d5580000)
  object space 957952K, 62% used [0x0000000080000000,0x00000000a4c51898,0x00000000ba780000)
 Metaspace       used 102232K, committed 104256K, reserved 1179648K
  class space    used 11494K, committed 12480K, reserved 1048576K
}
Event: 3348.356 GC heap before
{Heap before GC invocations=2757 (full 6):
 PSYoungGen      total 15872K, used 15601K [0x00000000d5580000, 0x00000000d6680000, 0x0000000100000000)
  eden space 15360K, 100% used [0x00000000d5580000,0x00000000d6480000,0x00000000d6480000)
  from space 512K, 47% used [0x00000000d6600000,0x00000000d663c640,0x00000000d6680000)
  to   space 1024K, 0% used [0x00000000d6480000,0x00000000d6480000,0x00000000d6580000)
 ParOldGen       total 957952K, used 602438K [0x0000000080000000, 0x00000000ba780000, 0x00000000d5580000)
  object space 957952K, 62% used [0x0000000080000000,0x00000000a4c51898,0x00000000ba780000)
 Metaspace       used 103253K, committed 105344K, reserved 1179648K
  class space    used 11639K, committed 12672K, reserved 1048576K
}
Event: 3348.585 GC heap after
{Heap after GC invocations=2757 (full 6):
 PSYoungGen      total 16384K, used 992K [0x00000000d5580000, 0x00000000d6980000, 0x0000000100000000)
  eden space 15360K, 0% used [0x00000000d5580000,0x00000000d5580000,0x00000000d6480000)
  from space 1024K, 96% used [0x00000000d6480000,0x00000000d6578010,0x00000000d6580000)
  to   space 2560K, 0% used [0x00000000d6700000,0x00000000d6700000,0x00000000d6980000)
 ParOldGen       total 957952K, used 603355K [0x0000000080000000, 0x00000000ba780000, 0x00000000d5580000)
  object space 957952K, 62% used [0x0000000080000000,0x00000000a4d36db8,0x00000000ba780000)
 Metaspace       used 103253K, committed 105344K, reserved 1179648K
  class space    used 11639K, committed 12672K, reserved 1048576K
}
Event: 3351.064 GC heap before
{Heap before GC invocations=2758 (full 6):
 PSYoungGen      total 16384K, used 16352K [0x00000000d5580000, 0x00000000d6980000, 0x0000000100000000)
  eden space 15360K, 100% used [0x00000000d5580000,0x00000000d6480000,0x00000000d6480000)
  from space 1024K, 96% used [0x00000000d6480000,0x00000000d6578010,0x00000000d6580000)
  to   space 2560K, 0% used [0x00000000d6700000,0x00000000d6700000,0x00000000d6980000)
 ParOldGen       total 957952K, used 603355K [0x0000000080000000, 0x00000000ba780000, 0x00000000d5580000)
  object space 957952K, 62% used [0x0000000080000000,0x00000000a4d36db8,0x00000000ba780000)
 Metaspace       used 104193K, committed 106240K, reserved 1179648K
  class space    used 11750K, committed 12736K, reserved 1048576K
}
Event: 3351.067 GC heap after
{Heap after GC invocations=2758 (full 6):
 PSYoungGen      total 16384K, used 999K [0x00000000d5580000, 0x00000000d6800000, 0x0000000100000000)
  eden space 15360K, 0% used [0x00000000d5580000,0x00000000d5580000,0x00000000d6480000)
  from space 1024K, 97% used [0x00000000d6700000,0x00000000d67f9dd0,0x00000000d6800000)
  to   space 1536K, 0% used [0x00000000d6500000,0x00000000d6500000,0x00000000d6680000)
 ParOldGen       total 957952K, used 604267K [0x0000000080000000, 0x00000000ba780000, 0x00000000d5580000)
  object space 957952K, 63% used [0x0000000080000000,0x00000000a4e1add8,0x00000000ba780000)
 Metaspace       used 104193K, committed 106240K, reserved 1179648K
  class space    used 11750K, committed 12736K, reserved 1048576K
}
Event: 3371.063 GC heap before
{Heap before GC invocations=2759 (full 6):
 PSYoungGen      total 16384K, used 16359K [0x00000000d5580000, 0x00000000d6800000, 0x0000000100000000)
  eden space 15360K, 100% used [0x00000000d5580000,0x00000000d6480000,0x00000000d6480000)
  from space 1024K, 97% used [0x00000000d6700000,0x00000000d67f9dd0,0x00000000d6800000)
  to   space 1536K, 0% used [0x00000000d6500000,0x00000000d6500000,0x00000000d6680000)
 ParOldGen       total 957952K, used 604267K [0x0000000080000000, 0x00000000ba780000, 0x00000000d5580000)
  object space 957952K, 63% used [0x0000000080000000,0x00000000a4e1add8,0x00000000ba780000)
 Metaspace       used 104505K, committed 106624K, reserved 1179648K
  class space    used 11779K, committed 12800K, reserved 1048576K
}
Event: 3371.067 GC heap after
{Heap after GC invocations=2759 (full 6):
 PSYoungGen      total 16896K, used 672K [0x00000000d5580000, 0x00000000d6780000, 0x0000000100000000)
  eden space 15360K, 0% used [0x00000000d5580000,0x00000000d5580000,0x00000000d6480000)
  from space 1536K, 43% used [0x00000000d6500000,0x00000000d65a8000,0x00000000d6680000)
  to   space 1024K, 0% used [0x00000000d6680000,0x00000000d6680000,0x00000000d6780000)
 ParOldGen       total 957952K, used 605047K [0x0000000080000000, 0x00000000ba780000, 0x00000000d5580000)
  object space 957952K, 63% used [0x0000000080000000,0x00000000a4eddcd0,0x00000000ba780000)
 Metaspace       used 104505K, committed 106624K, reserved 1179648K
  class space    used 11779K, committed 12800K, reserved 1048576K
}
Event: 3390.067 GC heap before
{Heap before GC invocations=2760 (full 6):
 PSYoungGen      total 16896K, used 16001K [0x00000000d5580000, 0x00000000d6780000, 0x0000000100000000)
  eden space 15360K, 99% used [0x00000000d5580000,0x00000000d64785e0,0x00000000d6480000)
  from space 1536K, 43% used [0x00000000d6500000,0x00000000d65a8000,0x00000000d6680000)
  to   space 1024K, 0% used [0x00000000d6680000,0x00000000d6680000,0x00000000d6780000)
 ParOldGen       total 957952K, used 605047K [0x0000000080000000, 0x00000000ba780000, 0x00000000d5580000)
  object space 957952K, 63% used [0x0000000080000000,0x00000000a4eddcd0,0x00000000ba780000)
 Metaspace       used 104775K, committed 106944K, reserved 1179648K
  class space    used 11798K, committed 12864K, reserved 1048576K
}
Event: 3390.069 GC heap after
{Heap after GC invocations=2760 (full 6):
 PSYoungGen      total 15872K, used 512K [0x00000000d5580000, 0x00000000d6700000, 0x0000000100000000)
  eden space 15360K, 0% used [0x00000000d5580000,0x00000000d5580000,0x00000000d6480000)
  from space 512K, 100% used [0x00000000d6680000,0x00000000d6700000,0x00000000d6700000)
  to   space 1024K, 0% used [0x00000000d6500000,0x00000000d6500000,0x00000000d6600000)
 ParOldGen       total 957952K, used 605479K [0x0000000080000000, 0x00000000ba780000, 0x00000000d5580000)
  object space 957952K, 63% used [0x0000000080000000,0x00000000a4f49cd0,0x00000000ba780000)
 Metaspace       used 104775K, committed 106944K, reserved 1179648K
  class space    used 11798K, committed 12864K, reserved 1048576K
}
Event: 57003.718 GC heap before
{Heap before GC invocations=2761 (full 6):
 PSYoungGen      total 15872K, used 15872K [0x00000000d5580000, 0x00000000d6700000, 0x0000000100000000)
  eden space 15360K, 100% used [0x00000000d5580000,0x00000000d6480000,0x00000000d6480000)
  from space 512K, 100% used [0x00000000d6680000,0x00000000d6700000,0x00000000d6700000)
  to   space 1024K, 0% used [0x00000000d6500000,0x00000000d6500000,0x00000000d6600000)
 ParOldGen       total 957952K, used 605479K [0x0000000080000000, 0x00000000ba780000, 0x00000000d5580000)
  object space 957952K, 63% used [0x0000000080000000,0x00000000a4f49cd0,0x00000000ba780000)
 Metaspace       used 105274K, committed 107392K, reserved 1179648K
  class space    used 11847K, committed 12864K, reserved 1048576K
}
Event: 57003.930 GC heap after
{Heap after GC invocations=2761 (full 6):
 PSYoungGen      total 16384K, used 512K [0x00000000d5580000, 0x00000000d6700000, 0x0000000100000000)
  eden space 15360K, 0% used [0x00000000d5580000,0x00000000d5580000,0x00000000d6480000)
  from space 1024K, 50% used [0x00000000d6500000,0x00000000d6580000,0x00000000d6600000)
  to   space 1024K, 0% used [0x00000000d6600000,0x00000000d6600000,0x00000000d6700000)
 ParOldGen       total 957952K, used 605655K [0x0000000080000000, 0x00000000ba780000, 0x00000000d5580000)
  object space 957952K, 63% used [0x0000000080000000,0x00000000a4f75cd0,0x00000000ba780000)
 Metaspace       used 105274K, committed 107392K, reserved 1179648K
  class space    used 11847K, committed 12864K, reserved 1048576K
}

Dll operation events (15 events):
Event: 0.237 Loaded shared library c:\Users\17428\.trae\extensions\redhat.java-1.53.0-win32-x64\jre\21.0.10-win32-x86_64\bin\java.dll
Event: 0.284 Loaded shared library c:\Users\17428\.trae\extensions\redhat.java-1.53.0-win32-x64\jre\21.0.10-win32-x86_64\bin\zip.dll
Event: 0.317 Loaded shared library C:\Users\17428\.trae\extensions\redhat.java-1.53.0-win32-x64\jre\21.0.10-win32-x86_64\bin\instrument.dll
Event: 0.387 Loaded shared library C:\Users\17428\.trae\extensions\redhat.java-1.53.0-win32-x64\jre\21.0.10-win32-x86_64\bin\net.dll
Event: 0.459 Loaded shared library C:\Users\17428\.trae\extensions\redhat.java-1.53.0-win32-x64\jre\21.0.10-win32-x86_64\bin\nio.dll
Event: 0.461 Loaded shared library C:\Users\17428\.trae\extensions\redhat.java-1.53.0-win32-x64\jre\21.0.10-win32-x86_64\bin\zip.dll
Event: 0.473 Loaded shared library C:\Users\17428\.trae\extensions\redhat.java-1.53.0-win32-x64\jre\21.0.10-win32-x86_64\bin\jimage.dll
Event: 0.579 Loaded shared library c:\Users\17428\.trae\extensions\redhat.java-1.53.0-win32-x64\jre\21.0.10-win32-x86_64\bin\verify.dll
Event: 1.324 Loaded shared library C:\Users\17428\AppData\Roaming\Trae\User\globalStorage\redhat.java\1.53.0\config_win\org.eclipse.equinox.launcher\org.eclipse.equinox.launcher.win32.win32.x86_64_1.3.0.v20260203-2149\eclipse_11919.dll
Event: 2.180 Loaded shared library C:\Users\17428\AppData\Local\Temp\jna-46942612\jna10869514270939791352.dll
Event: 3.636 Loaded shared library C:\Users\17428\.trae\extensions\redhat.java-1.53.0-win32-x64\jre\21.0.10-win32-x86_64\bin\sunmscapi.dll
Event: 3.935 Loaded shared library C:\Users\17428\.trae\extensions\redhat.java-1.53.0-win32-x64\jre\21.0.10-win32-x86_64\bin\extnet.dll
Event: 3343.459 Loaded shared library C:\Users\17428\.gradle\native\f6784746aeab05261644944871eae4fe03e0ef1612fff0a4a95f87b438bc6780\windows-amd64\native-platform.dll
Event: 3343.750 Loaded shared library C:\Users\17428\.trae\extensions\redhat.java-1.53.0-win32-x64\jre\21.0.10-win32-x86_64\bin\management.dll
Event: 3343.753 Loaded shared library C:\Users\17428\.trae\extensions\redhat.java-1.53.0-win32-x64\jre\21.0.10-win32-x86_64\bin\management_ext.dll

Deoptimization events (20 events):
Event: 12575.901 Thread 0x0000022fde5b82d0 DEOPT PACKING pc=0x0000022f812b8ac4 sp=0x000000d60c3fe600
Event: 12575.902 Thread 0x0000022fde5b82d0 DEOPT UNPACKING pc=0x0000022f874a4242 sp=0x000000d60c3fdae0 mode 0
Event: 39164.042 Thread 0x0000022fde5b2d80 Uncommon trap: trap_request=0xffffffd6 fr.pc=0x0000022f89f82c3c relative=0x00000000000002fc
Event: 39164.042 Thread 0x0000022fde5b2d80 Uncommon trap: reason=array_check action=maybe_recompile pc=0x0000022f89f82c3c method=java.util.concurrent.ScheduledThreadPoolExecutor$DelayedWorkQueue.offer(Ljava/lang/Runnable;)Z @ 65 c2
Event: 39164.043 Thread 0x0000022fde5b2d80 DEOPT PACKING pc=0x0000022f89f82c3c sp=0x000000d60c0fef90
Event: 39164.045 Thread 0x0000022fde5b2d80 DEOPT UNPACKING pc=0x0000022f874a3aa2 sp=0x000000d60c0fee30 mode 2
Event: 39174.045 Thread 0x0000022fde5b2d80 Uncommon trap: trap_request=0xffffffd6 fr.pc=0x0000022f89f82c3c relative=0x00000000000002fc
Event: 39174.045 Thread 0x0000022fde5b2d80 Uncommon trap: reason=array_check action=maybe_recompile pc=0x0000022f89f82c3c method=java.util.concurrent.ScheduledThreadPoolExecutor$DelayedWorkQueue.offer(Ljava/lang/Runnable;)Z @ 65 c2
Event: 39174.045 Thread 0x0000022fde5b2d80 DEOPT PACKING pc=0x0000022f89f82c3c sp=0x000000d60c0fef90
Event: 39174.065 Thread 0x0000022fde5b2d80 DEOPT UNPACKING pc=0x0000022f874a3aa2 sp=0x000000d60c0fee30 mode 2
Event: 39184.050 Thread 0x0000022fde5b2d80 Uncommon trap: trap_request=0xffffffd6 fr.pc=0x0000022f89f82c3c relative=0x00000000000002fc
Event: 39184.050 Thread 0x0000022fde5b2d80 Uncommon trap: reason=array_check action=maybe_recompile pc=0x0000022f89f82c3c method=java.util.concurrent.ScheduledThreadPoolExecutor$DelayedWorkQueue.offer(Ljava/lang/Runnable;)Z @ 65 c2
Event: 39184.050 Thread 0x0000022fde5b2d80 DEOPT PACKING pc=0x0000022f89f82c3c sp=0x000000d60c0fef90
Event: 39184.051 Thread 0x0000022fde5b2d80 DEOPT UNPACKING pc=0x0000022f874a3aa2 sp=0x000000d60c0fee30 mode 2
Event: 39190.954 Thread 0x0000022fd96db330 Uncommon trap: trap_request=0xffffffd6 fr.pc=0x0000022f89f82c3c relative=0x00000000000002fc
Event: 39190.954 Thread 0x0000022fd96db330 Uncommon trap: reason=array_check action=maybe_recompile pc=0x0000022f89f82c3c method=java.util.concurrent.ScheduledThreadPoolExecutor$DelayedWorkQueue.offer(Ljava/lang/Runnable;)Z @ 65 c2
Event: 39190.954 Thread 0x0000022fd96db330 DEOPT PACKING pc=0x0000022f89f82c3c sp=0x000000d6092ff360
Event: 39190.957 Thread 0x0000022fd96db330 DEOPT UNPACKING pc=0x0000022f874a3aa2 sp=0x000000d6092ff200 mode 2
Event: 51577.189 Thread 0x0000022fde5b82d0 DEOPT PACKING pc=0x0000022f812b8ac4 sp=0x000000d60c3fe650
Event: 51577.192 Thread 0x0000022fde5b82d0 DEOPT UNPACKING pc=0x0000022f874a4242 sp=0x000000d60c3fdb30 mode 0

Classes loaded (20 events):
Event: 3348.600 Loading class sun/nio/ch/SelectionKeyImpl
Event: 3348.600 Loading class java/nio/channels/spi/AbstractSelectionKey
Event: 3348.600 Loading class java/nio/channels/SelectionKey
Event: 3348.600 Loading class java/nio/channels/SelectionKey done
Event: 3348.600 Loading class java/nio/channels/spi/AbstractSelectionKey done
Event: 3348.600 Loading class sun/nio/ch/SelectionKeyImpl done
Event: 3348.600 Loading class java/lang/invoke/ConstantBootstraps
Event: 3348.601 Loading class java/lang/invoke/ConstantBootstraps done
Event: 3348.606 Loading class java/util/EnumSet$SerializationProxy
Event: 3348.607 Loading class java/util/EnumSet$SerializationProxy done
Event: 3348.615 Loading class java/nio/channels/spi/AbstractSelector$1
Event: 3348.615 Loading class java/nio/channels/spi/AbstractSelector$1 done
Event: 3351.005 Loading class java/lang/Throwable$PrintStreamOrWriter
Event: 3351.005 Loading class java/lang/Throwable$PrintStreamOrWriter done
Event: 3351.029 Loading class sun/misc/SharedSecrets
Event: 3351.029 Loading class sun/misc/SharedSecrets done
Event: 3351.029 Loading class java/lang/Throwable$WrappedPrintWriter
Event: 3351.029 Loading class java/lang/Throwable$WrappedPrintWriter done
Event: 3351.097 Loading class java/security/DigestInputStream
Event: 3351.098 Loading class java/security/DigestInputStream done

Classes unloaded (20 events):
Event: 53.777 Thread 0x0000022ffa21eb70 Unloading class 0x0000022f947dd6f8 'org/apache/maven/shared/filtering/MavenReaderFilterRequest'
Event: 53.777 Thread 0x0000022ffa21eb70 Unloading class 0x0000022f947dd3e0 'org/apache/maven/shared/filtering/MavenFileFilterRequest'
Event: 53.777 Thread 0x0000022ffa21eb70 Unloading class 0x0000022f947dd1e0 'org/codehaus/plexus/interpolation/Interpolator'
Event: 53.777 Thread 0x0000022ffa21eb70 Unloading class 0x0000022f947dcfe0 'org/codehaus/plexus/interpolation/BasicInterpolator'
Event: 53.777 Thread 0x0000022ffa21eb70 Unloading class 0x0000022f947dcde0 'org/codehaus/plexus/interpolation/ValueSource'
Event: 53.777 Thread 0x0000022ffa21eb70 Unloading class 0x0000022f947dca18 'org/apache/maven/shared/filtering/MavenResourcesExecution'
Event: 53.777 Thread 0x0000022ffa21eb70 Unloading class 0x0000022f947dc740 'org/apache/maven/shared/filtering/AbstractMavenFilteringRequest'
Event: 53.777 Thread 0x0000022ffa21eb70 Unloading class 0x0000022f947dc4e0 'org/apache/maven/shared/filtering/MavenFilteringException'
Event: 53.777 Thread 0x0000022ffa21eb70 Unloading class 0x0000022f947dc290 'org/apache/maven/shared/filtering/DefaultMavenResourcesFiltering'
Event: 53.777 Thread 0x0000022ffa21eb70 Unloading class 0x0000022f947d3e00 'org/apache/maven/shared/filtering/MavenResourcesFiltering'
Event: 53.777 Thread 0x0000022ffa21eb70 Unloading class 0x0000022f947dc000 'org/apache/maven/shared/filtering/DefaultMavenReaderFilter'
Event: 53.777 Thread 0x0000022ffa21eb70 Unloading class 0x0000022f947d3c00 'org/apache/maven/shared/filtering/MavenReaderFilter'
Event: 53.777 Thread 0x0000022ffa21eb70 Unloading class 0x0000022f947d3960 'org/apache/maven/shared/filtering/DefaultMavenFileFilter'
Event: 53.777 Thread 0x0000022ffa21eb70 Unloading class 0x0000022f947d3710 'org/apache/maven/shared/filtering/BaseFilter'
Event: 53.777 Thread 0x0000022ffa21eb70 Unloading class 0x0000022f947d3510 'org/apache/maven/shared/filtering/MavenFileFilter'
Event: 53.777 Thread 0x0000022ffa21eb70 Unloading class 0x0000022f947d3310 'org/apache/maven/shared/filtering/DefaultFilterInfo'
Event: 53.777 Thread 0x0000022ffa21eb70 Unloading class 0x0000022f947d3000 'org/apache/maven/plugins/resources/TestResourcesMojo'
Event: 53.777 Thread 0x0000022ffa21eb70 Unloading class 0x0000022f947d2400 'org/apache/maven/plugins/maven_resources_plugin/HelpMojo'
Event: 53.777 Thread 0x0000022ffa21eb70 Unloading class 0x0000022f947d2b10 'org/apache/maven/plugins/resources/CopyResourcesMojo'
Event: 53.777 Thread 0x0000022ffa21eb70 Unloading class 0x0000022f947d2800 'org/apache/maven/plugins/resources/ResourcesMojo'

Classes redefined (0 events):
No events

Internal exceptions (20 events):
Event: 3371.133 Thread 0x0000022fdd58ef80 Exception <a 'sun/nio/fs/WindowsException'{0x00000000d5bcf6f8}> (0x00000000d5bcf6f8) 
thrown [s\src\hotspot\share\prims\jni.cpp, line 520]
Event: 3371.133 Thread 0x0000022fdd58ef80 Exception <a 'sun/nio/fs/WindowsException'{0x00000000d5bd05f0}> (0x00000000d5bd05f0) 
thrown [s\src\hotspot\share\prims\jni.cpp, line 520]
Event: 3371.133 Thread 0x0000022fdd58ef80 Exception <a 'sun/nio/fs/WindowsException'{0x00000000d5bd0d08}> (0x00000000d5bd0d08) 
thrown [s\src\hotspot\share\prims\jni.cpp, line 520]
Event: 3390.040 Thread 0x0000022fde5b82d0 Exception <a 'java/lang/IncompatibleClassChangeError'{0x00000000d6315fb0}: Found class java.lang.Object, but interface was expected> (0x00000000d6315fb0) 
thrown [s\src\hotspot\share\interpreter\linkResolver.cpp, line 840]
Event: 3390.092 Thread 0x0000022fde5b82d0 Exception <a 'java/lang/IncompatibleClassChangeError'{0x00000000d57dc8c0}: Found class java.lang.Object, but interface was expected> (0x00000000d57dc8c0) 
thrown [s\src\hotspot\share\interpreter\linkResolver.cpp, line 840]
Event: 3390.173 Thread 0x0000022fde5b82d0 Exception <a 'java/lang/IncompatibleClassChangeError'{0x00000000d58270a8}: Found class java.lang.Object, but interface was expected> (0x00000000d58270a8) 
thrown [s\src\hotspot\share\interpreter\linkResolver.cpp, line 840]
Event: 3390.177 Thread 0x0000022fde5b82d0 Exception <a 'java/lang/IncompatibleClassChangeError'{0x00000000d5844860}: Found class java.lang.Object, but interface was expected> (0x00000000d5844860) 
thrown [s\src\hotspot\share\interpreter\linkResolver.cpp, line 840]
Event: 3391.120 Thread 0x0000022fde5b82d0 Exception <a 'java/lang/IncompatibleClassChangeError'{0x00000000d5885df8}: Found class java.lang.Object, but interface was expected> (0x00000000d5885df8) 
thrown [s\src\hotspot\share\interpreter\linkResolver.cpp, line 840]
Event: 3671.113 Thread 0x0000022fd9845f60 Exception <a 'sun/nio/fs/WindowsException'{0x00000000d59577d0}> (0x00000000d59577d0) 
thrown [s\src\hotspot\share\prims\jni.cpp, line 520]
Event: 3671.113 Thread 0x0000022fd9845f60 Exception <a 'sun/nio/fs/WindowsException'{0x00000000d5957f08}> (0x00000000d5957f08) 
thrown [s\src\hotspot\share\prims\jni.cpp, line 520]
Event: 3671.113 Thread 0x0000022fd9845f60 Exception <a 'sun/nio/fs/WindowsException'{0x00000000d5959718}> (0x00000000d5959718) 
thrown [s\src\hotspot\share\prims\jni.cpp, line 520]
Event: 3671.113 Thread 0x0000022fd9845f60 Exception <a 'sun/nio/fs/WindowsException'{0x00000000d5959f28}> (0x00000000d5959f28) 
thrown [s\src\hotspot\share\prims\jni.cpp, line 520]
Event: 3671.115 Thread 0x0000022fd9845f60 Exception <a 'sun/nio/fs/WindowsException'{0x00000000d59817c0}> (0x00000000d59817c0) 
thrown [s\src\hotspot\share\prims\jni.cpp, line 520]
Event: 3671.115 Thread 0x0000022fd9845f60 Exception <a 'sun/nio/fs/WindowsException'{0x00000000d5981fd0}> (0x00000000d5981fd0) 
thrown [s\src\hotspot\share\prims\jni.cpp, line 520]
Event: 3671.115 Thread 0x0000022fd9845f60 Exception <a 'sun/nio/fs/WindowsException'{0x00000000d5983a00}> (0x00000000d5983a00) 
thrown [s\src\hotspot\share\prims\jni.cpp, line 520]
Event: 3671.115 Thread 0x0000022fd9845f60 Exception <a 'sun/nio/fs/WindowsException'{0x00000000d5984210}> (0x00000000d5984210) 
thrown [s\src\hotspot\share\prims\jni.cpp, line 520]
Event: 3671.117 Thread 0x0000022fd9845f60 Exception <a 'sun/nio/fs/WindowsException'{0x00000000d59865f0}> (0x00000000d59865f0) 
thrown [s\src\hotspot\share\prims\jni.cpp, line 520]
Event: 3671.117 Thread 0x0000022fd9845f60 Exception <a 'sun/nio/fs/WindowsException'{0x00000000d5986e00}> (0x00000000d5986e00) 
thrown [s\src\hotspot\share\prims\jni.cpp, line 520]
Event: 3671.117 Thread 0x0000022fd9845f60 Exception <a 'sun/nio/fs/WindowsException'{0x00000000d598b708}> (0x00000000d598b708) 
thrown [s\src\hotspot\share\prims\jni.cpp, line 520]
Event: 3671.117 Thread 0x0000022fd9845f60 Exception <a 'sun/nio/fs/WindowsException'{0x00000000d598bf18}> (0x00000000d598bf18) 
thrown [s\src\hotspot\share\prims\jni.cpp, line 520]

ZGC Phase Switch (0 events):
No events

VM Operations (20 events):
Event: 60975.001 Executing non-safepoint VM operation: HandshakeAllThreads (HandshakeForDeflation)
Event: 60975.001 Executing non-safepoint VM operation: HandshakeAllThreads (HandshakeForDeflation) done
Event: 60975.001 Executing non-safepoint VM operation: RendezvousGCThreads
Event: 60975.001 Executing non-safepoint VM operation: RendezvousGCThreads done
Event: 61516.356 Executing non-safepoint VM operation: HandshakeAllThreads (HandshakeForDeflation)
Event: 61516.356 Executing non-safepoint VM operation: HandshakeAllThreads (HandshakeForDeflation) done
Event: 61516.356 Executing non-safepoint VM operation: RendezvousGCThreads
Event: 61516.356 Executing non-safepoint VM operation: RendezvousGCThreads done
Event: 61576.505 Executing non-safepoint VM operation: HandshakeAllThreads (HandshakeForDeflation)
Event: 61576.505 Executing non-safepoint VM operation: HandshakeAllThreads (HandshakeForDeflation) done
Event: 61576.505 Executing non-safepoint VM operation: RendezvousGCThreads
Event: 61576.505 Executing non-safepoint VM operation: RendezvousGCThreads done
Event: 61636.744 Executing non-safepoint VM operation: HandshakeAllThreads (HandshakeForDeflation)
Event: 61636.744 Executing non-safepoint VM operation: HandshakeAllThreads (HandshakeForDeflation) done
Event: 61636.744 Executing non-safepoint VM operation: RendezvousGCThreads
Event: 61636.744 Executing non-safepoint VM operation: RendezvousGCThreads done
Event: 61696.886 Executing non-safepoint VM operation: HandshakeAllThreads (HandshakeForDeflation)
Event: 61696.891 Executing non-safepoint VM operation: HandshakeAllThreads (HandshakeForDeflation) done
Event: 61696.891 Executing non-safepoint VM operation: RendezvousGCThreads
Event: 61696.891 Executing non-safepoint VM operation: RendezvousGCThreads done

Memory protections (0 events):
No events

Nmethod flushes (20 events):
Event: 53.826 Thread 0x0000022ffa21eb70 flushing  nmethod 0x0000022f83045d90
Event: 53.826 Thread 0x0000022ffa21eb70 flushing  nmethod 0x0000022f83058190
Event: 53.826 Thread 0x0000022ffa21eb70 flushing  nmethod 0x0000022f83068690
Event: 53.826 Thread 0x0000022ffa21eb70 flushing  nmethod 0x0000022f83069310
Event: 53.826 Thread 0x0000022ffa21eb70 flushing  nmethod 0x0000022f83080710
Event: 53.826 Thread 0x0000022ffa21eb70 flushing  nmethod 0x0000022f8309a910
Event: 53.826 Thread 0x0000022ffa21eb70 flushing  nmethod 0x0000022f830a5690
Event: 53.826 Thread 0x0000022ffa21eb70 flushing  nmethod 0x0000022f830a6390
Event: 53.826 Thread 0x0000022ffa21eb70 flushing  nmethod 0x0000022f830aa590
Event: 53.826 Thread 0x0000022ffa21eb70 flushing  nmethod 0x0000022f83141710
Event: 53.826 Thread 0x0000022ffa21eb70 flushing  nmethod 0x0000022f83147410
Event: 53.826 Thread 0x0000022ffa21eb70 flushing  nmethod 0x0000022f8314fc90
Event: 53.826 Thread 0x0000022ffa21eb70 flushing  nmethod 0x0000022f83186f90
Event: 53.826 Thread 0x0000022ffa21eb70 flushing  nmethod 0x0000022f831ea910
Event: 53.826 Thread 0x0000022ffa21eb70 flushing  nmethod 0x0000022f831edd10
Event: 53.826 Thread 0x0000022ffa21eb70 flushing  nmethod 0x0000022f831ee910
Event: 53.826 Thread 0x0000022ffa21eb70 flushing  nmethod 0x0000022f831f0010
Event: 53.826 Thread 0x0000022ffa21eb70 flushing  nmethod 0x0000022f831fff90
Event: 53.826 Thread 0x0000022ffa21eb70 flushing  nmethod 0x0000022f83205d10
Event: 53.826 Thread 0x0000022ffa21eb70 flushing  nmethod 0x0000022f8320a310

Events (20 events):
Event: 3671.118 Thread 0x0000022fd9843170 Thread added: 0x0000022fd984a100
Event: 3671.119 Thread 0x0000022fd9848d50 Thread exited: 0x0000022fd9848d50
Event: 3671.119 Thread 0x0000022fd984a100 Thread exited: 0x0000022fd984a100
Event: 3671.119 Thread 0x0000022fd983c1e0 Thread exited: 0x0000022fd983c1e0
Event: 3671.119 Thread 0x0000022fd98493e0 Thread exited: 0x0000022fd98493e0
Event: 3671.119 Thread 0x0000022fd9849a70 Thread exited: 0x0000022fd9849a70
Event: 3671.119 Thread 0x0000022fd9843170 Thread exited: 0x0000022fd9843170
Event: 3671.119 Thread 0x0000022fd98465f0 Thread exited: 0x0000022fd98465f0
Event: 3705.191 Thread 0x0000022fdd58e8f0 Thread exited: 0x0000022fdd58e8f0
Event: 3765.193 Thread 0x0000022fdd58ceb0 Thread exited: 0x0000022fdd58ceb0
Event: 3825.193 Thread 0x0000022fdd58b470 Thread exited: 0x0000022fdd58b470
Event: 3885.194 Thread 0x0000022fdd592400 Thread exited: 0x0000022fdd592400
Event: 3945.194 Thread 0x0000022fdd591050 Thread exited: 0x0000022fdd591050
Event: 4005.195 Thread 0x0000022fdd5916e0 Thread exited: 0x0000022fdd5916e0
Event: 45303.477 Thread 0x0000022fd9845f60 Thread added: 0x0000022fd98465f0
Event: 45303.486 Thread 0x0000022ff37c5730 Thread exited: 0x0000022ff37c5730
Event: 60636.882 Thread 0x0000022fde5b82d0 Thread added: 0x0000022fd9843170
Event: 60637.193 Thread 0x0000022fde5b82d0 Thread added: 0x0000022fd9846c80
Event: 60697.195 Thread 0x0000022fd9846c80 Thread exited: 0x0000022fd9846c80
Event: 60757.194 Thread 0x0000022fd9843170 Thread exited: 0x0000022fd9843170


Dynamic libraries:
0x00007ff657900000 - 0x00007ff65790e000 	c:\Users\17428\.trae\extensions\redhat.java-1.53.0-win32-x64\jre\21.0.10-win32-x86_64\bin\java.exe
0x00007ffe12de0000 - 0x00007ffe13047000 	C:\WINDOWS\SYSTEM32\ntdll.dll
0x00007ffe11890000 - 0x00007ffe11959000 	C:\WINDOWS\System32\KERNEL32.DLL
0x00007ffe103e0000 - 0x00007ffe107d1000 	C:\WINDOWS\System32\KERNELBASE.dll
0x00007ffe0f6c0000 - 0x00007ffe0f80b000 	C:\WINDOWS\System32\ucrtbase.dll
0x00007ffdd5a90000 - 0x00007ffdd5aae000 	c:\Users\17428\.trae\extensions\redhat.java-1.53.0-win32-x64\jre\21.0.10-win32-x86_64\bin\VCRUNTIME140.dll
0x00007ffdd5bc0000 - 0x00007ffdd5bd8000 	c:\Users\17428\.trae\extensions\redhat.java-1.53.0-win32-x64\jre\21.0.10-win32-x86_64\bin\jli.dll
0x00007ffe11380000 - 0x00007ffe11545000 	C:\WINDOWS\System32\USER32.dll
0x00007ffe10b50000 - 0x00007ffe10b77000 	C:\WINDOWS\System32\win32u.dll
0x00007ffdffc60000 - 0x00007ffdffef3000 	C:\WINDOWS\WinSxS\amd64_microsoft.windows.common-controls_6595b64144ccf1df_6.0.26100.8037_none_3e092faae333b53b\COMCTL32.dll
0x00007ffe12d70000 - 0x00007ffe12d9b000 	C:\WINDOWS\System32\GDI32.dll
0x00007ffe0fa40000 - 0x00007ffe0fb6b000 	C:\WINDOWS\System32\gdi32full.dll
0x00007ffe10b80000 - 0x00007ffe10c29000 	C:\WINDOWS\System32\msvcrt.dll
0x00007ffe0f990000 - 0x00007ffe0fa33000 	C:\WINDOWS\System32\msvcp_win.dll
0x00007ffe11560000 - 0x00007ffe11591000 	C:\WINDOWS\System32\IMM32.DLL
0x00007ffe02170000 - 0x00007ffe0217c000 	c:\Users\17428\.trae\extensions\redhat.java-1.53.0-win32-x64\jre\21.0.10-win32-x86_64\bin\vcruntime140_1.dll
0x00007ffd363b0000 - 0x00007ffd3643d000 	c:\Users\17428\.trae\extensions\redhat.java-1.53.0-win32-x64\jre\21.0.10-win32-x86_64\bin\msvcp140.dll
0x00007ffd1b3c0000 - 0x00007ffd1c161000 	c:\Users\17428\.trae\extensions\redhat.java-1.53.0-win32-x64\jre\21.0.10-win32-x86_64\bin\server\jvm.dll
0x00007ffe11960000 - 0x00007ffe11a1b000 	C:\WINDOWS\System32\ADVAPI32.dll
0x00007ffe12330000 - 0x00007ffe123d7000 	C:\WINDOWS\System32\sechost.dll
0x00007ffe115a0000 - 0x00007ffe116b8000 	C:\WINDOWS\System32\RPCRT4.dll
0x00007ffe12c60000 - 0x00007ffe12cd4000 	C:\WINDOWS\System32\WS2_32.dll
0x00007ffe0f520000 - 0x00007ffe0f57e000 	C:\WINDOWS\SYSTEM32\POWRPROF.dll
0x00007ffe06200000 - 0x00007ffe06235000 	C:\WINDOWS\SYSTEM32\WINMM.dll
0x00007ffe07f20000 - 0x00007ffe07f2b000 	C:\WINDOWS\SYSTEM32\VERSION.dll
0x00007ffe0f500000 - 0x00007ffe0f514000 	C:\WINDOWS\SYSTEM32\UMPDC.dll
0x00007ffe0e450000 - 0x00007ffe0e46b000 	C:\WINDOWS\SYSTEM32\kernel.appcore.dll
0x00007ffe00de0000 - 0x00007ffe00dea000 	c:\Users\17428\.trae\extensions\redhat.java-1.53.0-win32-x64\jre\21.0.10-win32-x86_64\bin\jimage.dll
0x00007ffe0d200000 - 0x00007ffe0d442000 	C:\WINDOWS\SYSTEM32\DBGHELP.DLL
0x00007ffe12840000 - 0x00007ffe12bc2000 	C:\WINDOWS\System32\combase.dll
0x00007ffe126e0000 - 0x00007ffe127b7000 	C:\WINDOWS\System32\OLEAUT32.dll
0x00007ffdf8740000 - 0x00007ffdf877b000 	C:\WINDOWS\SYSTEM32\dbgcore.DLL
0x00007ffe107e0000 - 0x00007ffe10885000 	C:\WINDOWS\System32\bcryptPrimitives.dll
0x00007ffdfe350000 - 0x00007ffdfe35f000 	c:\Users\17428\.trae\extensions\redhat.java-1.53.0-win32-x64\jre\21.0.10-win32-x86_64\bin\instrument.dll
0x00007ffdd43c0000 - 0x00007ffdd43e0000 	c:\Users\17428\.trae\extensions\redhat.java-1.53.0-win32-x64\jre\21.0.10-win32-x86_64\bin\java.dll
0x00007ffe11a20000 - 0x00007ffe1217f000 	C:\WINDOWS\System32\SHELL32.dll
0x00007ffe10890000 - 0x00007ffe109fa000 	C:\WINDOWS\System32\wintypes.dll
0x00007ffe0fb70000 - 0x00007ffe103d4000 	C:\WINDOWS\System32\windows.storage.dll
0x00007ffe10c60000 - 0x00007ffe10d57000 	C:\WINDOWS\System32\SHCORE.dll
0x00007ffe12bd0000 - 0x00007ffe12c37000 	C:\WINDOWS\System32\shlwapi.dll
0x00007ffe0f5e0000 - 0x00007ffe0f609000 	C:\WINDOWS\SYSTEM32\profapi.dll
0x00007ffdcf090000 - 0x00007ffdcf0a8000 	c:\Users\17428\.trae\extensions\redhat.java-1.53.0-win32-x64\jre\21.0.10-win32-x86_64\bin\zip.dll
0x00007ffdf8960000 - 0x00007ffdf8970000 	C:\Users\17428\.trae\extensions\redhat.java-1.53.0-win32-x64\jre\21.0.10-win32-x86_64\bin\net.dll
0x00007ffe08eb0000 - 0x00007ffe08fd7000 	C:\WINDOWS\SYSTEM32\WINHTTP.dll
0x00007ffe0e9c0000 - 0x00007ffe0ea2b000 	C:\WINDOWS\system32\mswsock.dll
0x00007ffdcffe0000 - 0x00007ffdcfff6000 	C:\Users\17428\.trae\extensions\redhat.java-1.53.0-win32-x64\jre\21.0.10-win32-x86_64\bin\nio.dll
0x00007ffdf8910000 - 0x00007ffdf8920000 	c:\Users\17428\.trae\extensions\redhat.java-1.53.0-win32-x64\jre\21.0.10-win32-x86_64\bin\verify.dll
0x00007ffdab130000 - 0x00007ffdab175000 	C:\Users\17428\AppData\Roaming\Trae\User\globalStorage\redhat.java\1.53.0\config_win\org.eclipse.equinox.launcher\org.eclipse.equinox.launcher.win32.win32.x86_64_1.3.0.v20260203-2149\eclipse_11919.dll
0x00007ffe12190000 - 0x00007ffe12325000 	C:\WINDOWS\System32\ole32.dll
0x00007ffe0eca0000 - 0x00007ffe0ecbb000 	C:\WINDOWS\SYSTEM32\CRYPTSP.dll
0x00007ffe0e3b0000 - 0x00007ffe0e3e9000 	C:\WINDOWS\system32\rsaenh.dll
0x00007ffe0ea70000 - 0x00007ffe0eaa2000 	C:\WINDOWS\SYSTEM32\USERENV.dll
0x00007ffe0f5b0000 - 0x00007ffe0f5da000 	C:\WINDOWS\SYSTEM32\bcrypt.dll
0x00007ffe0ecc0000 - 0x00007ffe0eccc000 	C:\WINDOWS\SYSTEM32\CRYPTBASE.dll
0x00007ffe0dd90000 - 0x00007ffe0ddc3000 	C:\WINDOWS\SYSTEM32\IPHLPAPI.DLL
0x00007ffe11880000 - 0x00007ffe1188a000 	C:\WINDOWS\System32\NSI.dll
0x00007ffda8750000 - 0x00007ffda8799000 	C:\Users\17428\AppData\Local\Temp\jna-46942612\jna10869514270939791352.dll
0x00007ffe10d60000 - 0x00007ffe10d68000 	C:\WINDOWS\System32\PSAPI.DLL
0x00007ffe09070000 - 0x00007ffe0908d000 	C:\WINDOWS\SYSTEM32\dhcpcsvc6.DLL
0x00007ffe09040000 - 0x00007ffe09063000 	C:\WINDOWS\SYSTEM32\dhcpcsvc.DLL
0x00007ffdf4140000 - 0x00007ffdf414e000 	C:\Users\17428\.trae\extensions\redhat.java-1.53.0-win32-x64\jre\21.0.10-win32-x86_64\bin\sunmscapi.dll
0x00007ffe0f810000 - 0x00007ffe0f987000 	C:\WINDOWS\System32\CRYPT32.dll
0x00007ffe0eec0000 - 0x00007ffe0eef0000 	C:\WINDOWS\SYSTEM32\ncrypt.dll
0x00007ffe0ee70000 - 0x00007ffe0eeaf000 	C:\WINDOWS\SYSTEM32\NTASN1.dll
0x00007ffdf2470000 - 0x00007ffdf2479000 	C:\Users\17428\.trae\extensions\redhat.java-1.53.0-win32-x64\jre\21.0.10-win32-x86_64\bin\extnet.dll
0x00007ffe0df10000 - 0x00007ffe0e03a000 	C:\WINDOWS\SYSTEM32\DNSAPI.dll
0x00007ffe07f30000 - 0x00007ffe07f3b000 	C:\Windows\System32\rasadhlp.dll
0x00007ffe09560000 - 0x00007ffe095e6000 	C:\WINDOWS\System32\fwpuclnt.dll
0x00007ffe0e570000 - 0x00007ffe0e5a6000 	C:\WINDOWS\SYSTEM32\ntmarta.dll
0x00007ffdaaa00000 - 0x00007ffdaaa27000 	C:\Users\17428\.gradle\native\f6784746aeab05261644944871eae4fe03e0ef1612fff0a4a95f87b438bc6780\windows-amd64\native-platform.dll
0x00007ffdf1cb0000 - 0x00007ffdf1cba000 	C:\Users\17428\.trae\extensions\redhat.java-1.53.0-win32-x64\jre\21.0.10-win32-x86_64\bin\management.dll
0x00007ffde9bf0000 - 0x00007ffde9bfc000 	C:\Users\17428\.trae\extensions\redhat.java-1.53.0-win32-x64\jre\21.0.10-win32-x86_64\bin\management_ext.dll
0x00007ffe0c170000 - 0x00007ffe0c17e000 	C:\WINDOWS\SYSTEM32\WINNSI.DLL
0x00007ffdf3cf0000 - 0x00007ffdf3cf8000 	C:\WINDOWS\system32\wshunix.dll

JVMTI agents:
c:\Users\17428\.trae\extensions\redhat.java-1.53.0-win32-x64\lombok\lombok-1.18.39-4050.jar path:c:\Users\17428\.trae\extensions\redhat.java-1.53.0-win32-x64\jre\21.0.10-win32-x86_64\bin\instrument.dll, loaded, initialized, instrumentlib options:none

dbghelp: loaded successfully - version: 4.0.5 - missing functions: none
symbol engine: initialized successfully - sym options: 0x614 - pdb path: .;c:\Users\17428\.trae\extensions\redhat.java-1.53.0-win32-x64\jre\21.0.10-win32-x86_64\bin;C:\WINDOWS\SYSTEM32;C:\WINDOWS\WinSxS\amd64_microsoft.windows.common-controls_6595b64144ccf1df_6.0.26100.8037_none_3e092faae333b53b;c:\Users\17428\.trae\extensions\redhat.java-1.53.0-win32-x64\jre\21.0.10-win32-x86_64\bin\server;C:\Users\17428\AppData\Roaming\Trae\User\globalStorage\redhat.java\1.53.0\config_win\org.eclipse.equinox.launcher\org.eclipse.equinox.launcher.win32.win32.x86_64_1.3.0.v20260203-2149;C:\Users\17428\AppData\Local\Temp\jna-46942612;C:\Users\17428\.gradle\native\f6784746aeab05261644944871eae4fe03e0ef1612fff0a4a95f87b438bc6780\windows-amd64

VM Arguments:
jvm_args: --add-modules=ALL-SYSTEM --add-opens=java.base/java.util=ALL-UNNAMED --add-opens=java.base/java.lang=ALL-UNNAMED --add-opens=java.base/sun.nio.fs=ALL-UNNAMED -Declipse.application=org.eclipse.jdt.ls.core.id1 -Dosgi.bundles.defaultStartLevel=4 -Declipse.product=org.eclipse.jdt.ls.core.product -Djava.import.generatesMetadataFilesAtProjectRoot=false -DDetectVMInstallationsJob.disabled=true -Dfile.encoding=utf8 -XX:+UseParallelGC -XX:GCTimeRatio=4 -XX:AdaptiveSizePolicyWeight=90 -Dsun.zip.disableMemoryMapping=true -Xmx2G -Xms100m -Xlog:disable -javaagent:c:\Users\17428\.trae\extensions\redhat.java-1.53.0-win32-x64\lombok\lombok-1.18.39-4050.jar -XX:+HeapDumpOnOutOfMemoryError -XX:HeapDumpPath=c:\Users\17428\AppData\Roaming\Trae\User\workspaceStorage\e174de6fea19613e25b1fce20a3b9c82\redhat.java -Daether.dependencyCollector.impl=bf 
java_command: c:\Users\17428\.trae\extensions\redhat.java-1.53.0-win32-x64\server\plugins\org.eclipse.equinox.launcher_1.7.100.v20251111-0406.jar -configuration c:\Users\17428\AppData\Roaming\Trae\User\globalStorage\redhat.java\1.53.0\config_win -data c:\Users\17428\AppData\Roaming\Trae\User\workspaceStorage\e174de6fea19613e25b1fce20a3b9c82\redhat.java\jdt_ws --pipe=\\.\pipe\lsp-ad56266e506bab8e32169c48c6148108-sock
java_class_path (initial): c:\Users\17428\.trae\extensions\redhat.java-1.53.0-win32-x64\server\plugins\org.eclipse.equinox.launcher_1.7.100.v20251111-0406.jar
Launcher Type: SUN_STANDARD

[Global flags]
    uintx AdaptiveSizePolicyWeight                 = 90                                        {product} {command line}
     intx CICompilerCount                          = 12                                        {product} {ergonomic}
    uintx GCTimeRatio                              = 4                                         {product} {command line}
     bool HeapDumpOnOutOfMemoryError               = true                                   {manageable} {command line}
    ccstr HeapDumpPath                             = c:\Users\17428\AppData\Roaming\Trae\User\workspaceStorage\e174de6fea19613e25b1fce20a3b9c82\redhat.java         {manageable} {command line}
   size_t InitialHeapSize                          = 104857600                                 {product} {command line}
   size_t MaxHeapSize                              = 2147483648                                {product} {command line}
   size_t MaxNewSize                               = 715653120                                 {product} {ergonomic}
   size_t MinHeapDeltaBytes                        = 524288                                    {product} {ergonomic}
   size_t MinHeapSize                              = 104857600                                 {product} {command line}
   size_t NewSize                                  = 34603008                                  {product} {ergonomic}
    uintx NonNMethodCodeHeapSize                   = 7602480                                {pd product} {ergonomic}
    uintx NonProfiledCodeHeapSize                  = 122027880                              {pd product} {ergonomic}
   size_t OldSize                                  = 70254592                                  {product} {ergonomic}
    uintx ProfiledCodeHeapSize                     = 122027880                              {pd product} {ergonomic}
    uintx ReservedCodeCacheSize                    = 251658240                              {pd product} {ergonomic}
     bool SegmentedCodeCache                       = true                                      {product} {ergonomic}
   size_t SoftMaxHeapSize                          = 2147483648                             {manageable} {ergonomic}
     bool UseCompressedOops                        = true                           {product lp64_product} {ergonomic}
     bool UseLargePagesIndividualAllocation        = false                                  {pd product} {ergonomic}
     bool UseParallelGC                            = true                                      {product} {command line}

Logging:
Log output configuration:
 #0: stdout all=off uptime,level,tags foldmultilines=false
 #1: stderr all=off uptime,level,tags foldmultilines=false

Release file:
JAVA_VERSION="21.0.10" 
MODULES="java.base java.compiler java.datatransfer java.xml java.prefs java.desktop java.instrument java.logging java.management java.security.sasl java.naming java.rmi java.management.rmi java.net.http java.scripting java.security.jgss java.transaction.xa java.sql java.sql.rowset java.xml.crypto java.se java.smartcardio jdk.accessibility jdk.internal.jvmstat jdk.attach jdk.charsets jdk.internal.opt jdk.zipfs jdk.compiler jdk.crypto.ec jdk.crypto.cryptoki jdk.crypto.mscapi jdk.dynalink jdk.internal.ed jdk.editpad jdk.hotspot.agent jdk.httpserver jdk.internal.le jdk.internal.vm.ci jdk.internal.vm.compiler jdk.internal.vm.compiler.management jdk.jartool jdk.javadoc jdk.jcmd jdk.management jdk.management.agent jdk.jconsole jdk.jdeps jdk.jdwp.agent jdk.jdi jdk.jfr jdk.jshell jdk.jsobject jdk.jstatd jdk.localedata jdk.management.jfr jdk.naming.dns jdk.naming.rmi jdk.net jdk.nio.mapmode jdk.random jdk.sctp jdk.security.auth jdk.security.jgss jdk.unsupported jdk.unsupported.desktop jdk.xml.dom" 

Environment Variables:
JAVA_HOME=D:\envs\.jdks\ms-21.0.10
PATH=C:\Users\17428\.trae\tools\gradle\latest\bin;D:\envs\.jdks\ms-21.0.10\bin;C:\Users\17428\.trae\tools\maven\latest\bin;c:\Users\17428\.trae\tools\trae-gopls\current;c:\Users\17428\.trae\sdks\workspaces\e174de6f\versions\node\current;c:\Users\17428\.trae\sdks\versions\node\current;C:\WINDOWS\system32;C:\WINDOWS;C:\WINDOWS\System32\Wbem;C:\WINDOWS\System32\WindowsPowerShell\v1.0\;C:\WINDOWS\System32\OpenSSH\;C:\Program Files\Docker\Docker\resources\bin;C:\Program Files\Git\cmd;C:\Program Files\dotnet\;D:\program\svn\bin;D:\program\svnserver\app\bin;%NVM_HOME%;%NVM_SYMLINK%;C:\Users\17428\.local\bin;C:\Users\17428\.local\bin;C:\Users\17428\AppData\Local\Microsoft\WindowsApps;C:\Users\17428\AppData\Local\GitHubDesktop\bin;D:\program\idea\bin;D:\envs\.jdks\ms-21.0.10\bin;C:\Users\17428\.m2\wrapper\dists\apache-maven-3.9.11\03d7e36a140982eea48e22c1dcac01d8862b2550b2939e09a0809bbc5182a5bc\bin;D:\program\workbuddy\bin;D:\program\ideac\bin;D:\program\nvm;D:\program\nodejs;d:\program\trae\resources\app\bin\lib
USERNAME=17428
OS=Windows_NT
PROCESSOR_IDENTIFIER=Intel64 Family 6 Model 191 Stepping 2, GenuineIntel
TMP=C:\Users\17428\AppData\Local\Temp
TEMP=C:\Users\17428\AppData\Local\Temp




Periodic native trim disabled

---------------  S Y S T E M  ---------------

OS:
 Windows 11 , 64 bit Build 26100 (10.0.26100.7920)
OS uptime: 0 days 21:15 hours
Hyper-V role detected

CPU: total 20 (initial active 20) (10 cores per cpu, 2 threads per core) family 6 model 191 stepping 2 microcode 0x3e, cx8, cmov, fxsr, ht, mmx, 3dnowpref, sse, sse2, sse3, ssse3, sse4.1, sse4.2, popcnt, lzcnt, tsc, tscinvbit, avx, avx2, aes, erms, clmul, bmi1, bmi2, adx, sha, fma, vzeroupper, clflush, clflushopt, clwb, hv, serialize, rdtscp, rdpid, fsrm, f16c, cet_ibt, cet_ss
Processor Information for the first 20 processors :
  Max Mhz: 2600, Current Mhz: 2600, Mhz Limit: 2600

Memory: 4k page, system-wide physical 16070M (524M free)
TotalPageFile size 44922M (AvailPageFile size 0M)
current process WorkingSet (physical memory assigned to process): 11M, peak: 1396M
current process commit charge ("private bytes"): 1450M, peak: 1465M

vm_info: OpenJDK 64-Bit Server VM (21.0.10+7-LTS) for windows-amd64 JRE (21.0.10+7-LTS), built on 2026-01-20T00:00:00Z by "admin" with MS VC++ 17.12 (VS2022)

END.
